// 重构日志: 7d682fa2
// 重构日志: 0483cdd8
// 重构日志: de189b29
// 重构日志: 16b3db72
// 重构日志: 19908dcd
// 重构日志: d4f21a4b
// 同步 ID: 8bc7a0d6 @ Thu Jul 16 07:10:10 UTC 2026
// 重构日志: badf8c79
// 重构日志: f38f0364
// 同步 ID: cd4d0d0c @ Thu Jul 23 01:12:34 UTC 2026
// 重构日志: 120bb21f
// 同步 ID: c2954aa7 @ Sat Jul 25 07:33:05 UTC 2026
// 同步 ID: 021c2f3e @ Sun Jul 26 20:12:33 UTC 2026
// 重构日志: 3355f633
// 同步 ID: 21e892db @ Thu Jul 30 08:25:12 UTC 2026
// 同步 ID: 91ea156e @ Fri Jul 31 10:58:16 UTC 2026
// 同步 ID: 57a27c3d @ Fri Jul 31 16:58:43 UTC 2026
// 重构日志: 69cc724d
// 重构日志: 9f411524
// 重构日志: 1796e2be
// 同步 ID: 30a191c1 @ Tue Aug  4 04:28:32 UTC 2026
// 重构日志: 331c808d
// 重构日志: 42a4838c
// 同步 ID: 4168b24f @ Thu Aug  6 05:35:52 UTC 2026
// 重构日志: 7920aee2
// 重构日志: b1711fef
// 重构日志: 03000979
// 重构日志: fc7f5ef2
// 同步 ID: 68137cf6 @ Sat Aug  8 05:45:06 UTC 2026
